  已推进0.00 h，R=1.9999 cm，max C=2.5500000000，Picard=4
  已推进6.00 h，R=1.3740 cm，max C=1.7195173042，Picard=4
  已推进12.00 h，R=1.2480 cm，max C=0.7375698124，Picard=5
  已推进18.00 h，R=1.2140 cm，max C=0.4086840613，Picard=5
  已推进24.00 h，R=1.2040 cm，max C=0.2850778710，Picard=5
  已推进30.00 h，R=1.2010 cm，max C=0.2263001144，Picard=5
  已推进36.00 h，R=1.2000 cm，max C=0.1928015860，Picard=5
  已推进42.00 h，R=1.2000 cm，max C=0.1712263057，Picard=4
  已推进48.00 h，R=1.2000 cm，max C=0.1561398896，Picard=4
问题四材料坐标CN求解: N=800, 早/晚dt=1/5s, event_tol=0.1s
稳定段均值: T_air=50.004945054945 C, C_air=0.049993736264 kg/kg (91点)
终止证据: lower t=183914.687500000s max C=0.150000002208; upper t=183914.765625000s max C=0.149999962090; R=1.200000000cm, r_max=0.000000000cm
数值检查: {'termination_time_s': 183914.765625, 'termination_time_h': 51.08743489583333, 'termination_radius_cm': 1.2, 'termination_max_kgkg': 0.14999996209042374, 'termination_max_xi': 0.0, 'termination_max_radius_cm': 0.0, 'termination_lower_time_s': 183914.6875, 'termination_lower_max_kgkg': 0.1500000022084151, 'termination_bracket_width_s': 0.078125, 'radius_known_point_max_error_m': 0.0, 'radius_known_point_count': 145, 'temperature_min_C': 27.99999999999947, 'temperature_max_C': 50.05009895100676, 'moisture_min_kgkg': 0.05261447829040394, 'moisture_max_kgkg': 2.550000000000008, 'event_min_temperature_C': 50.004945054931696, 'event_max_temperature_C': 50.00494505494306, 'event_min_moisture_kgkg': 0.05261448573027796, 'event_max_moisture_kgkg': 0.1500000022084151, 'max_picard_iterations': 5, 'mean_picard_iterations': 4.419994617311554, 'event_picard_max': 4, 'event_picard_total': 23, 'event_candidate_count': 6, 'picard_iteration_count_total': 48309, 'sample_count': 3066, 'internal_node_count': 801, 'center_boundary_zero_flux': True, 'stable_temperature_C': 50.004945054945054, 'stable_moisture_kgkg': 0.04999373626373625, 'stable_count': 91, 'early_steps': 14400, 'long_steps': 33903, 'event_iterations': 6, 'kelvin_reference_D_m2_s': 1.4002114256642102e-10, 'max_temperature_linear_residual': 4.718226937800034e-16, 'max_moisture_linear_residual': 5.39455633163502e-16, 'max_linear_residual': 5.39455633163502e-16, 'max_temperature_balance_residual': 6.189247194754444e-07, 'max_moisture_balance_residual': 1.072682524402846e-16, 'max_temperature_boundary_flux': 7604.823302755268, 'max_moisture_boundary_flux': 9.968547783800643e-05}
空间敏感性N400: {'common_time_count': 3066, 'common_max_abs_difference_kgkg': 0.0005183762754362303, 'common_max_difference_time_s': 105300.0, 'common_max_difference_radius_cm': 1.2000000000000002, 'surface_max_abs_difference_kgkg': 0.0005271837699361015, 'termination_time_base_s': 183914.765625, 'termination_time_other_s': 183969.0625, 'termination_time_difference_s': 54.296875, 'termination_time_difference_h': 0.015082465277777778}
时间敏感性早/晚步长减半: {'common_time_count': 3066, 'common_max_abs_difference_kgkg': 4.685228724987667e-07, 'common_max_difference_time_s': 120.0, 'common_max_difference_radius_cm': 1.9000000000000001, 'surface_max_abs_difference_kgkg': 3.520175375193446e-06, 'termination_time_base_s': 183914.765625, 'termination_time_other_s': 183914.765625, 'termination_time_difference_s': 0.0, 'termination_time_difference_h': 0.0}
答案文件回读验收: {'termination_time_s': 183914.765625, 'termination_time_h': 51.08743489583333, 'termination_radius_cm': 1.2, 'termination_max_kgkg': 0.14999996209042374, 'termination_max_xi': 0.0, 'termination_max_radius_cm': 0.0, 'termination_lower_time_s': 183914.6875, 'termination_lower_max_kgkg': 0.1500000022084151, 'termination_bracket_width_s': 0.078125, 'radius_known_point_max_error_m': 0.0, 'radius_known_point_count': 145, 'temperature_min_C': 27.99999999999947, 'temperature_max_C': 50.05009895100676, 'moisture_min_kgkg': 0.05261447829040394, 'moisture_max_kgkg': 2.550000000000008, 'event_min_temperature_C': 50.004945054931696, 'event_max_temperature_C': 50.00494505494306, 'event_min_moisture_kgkg': 0.05261448573027796, 'event_max_moisture_kgkg': 0.1500000022084151, 'max_picard_iterations': 5, 'mean_picard_iterations': 4.419994617311554, 'event_picard_max': 4, 'event_picard_total': 23, 'event_candidate_count': 6, 'picard_iteration_count_total': 48309, 'sample_count': 3066, 'internal_node_count': 801, 'center_boundary_zero_flux': True, 'stable_temperature_C': 50.004945054945054, 'stable_moisture_kgkg': 0.04999373626373625, 'stable_count': 91, 'early_steps': 14400, 'long_steps': 33903, 'event_iterations': 6, 'kelvin_reference_D_m2_s': 1.4002114256642102e-10, 'max_temperature_linear_residual': 4.718226937800034e-16, 'max_moisture_linear_residual': 5.39455633163502e-16, 'max_linear_residual': 5.39455633163502e-16, 'max_temperature_balance_residual': 6.189247194754444e-07, 'max_moisture_balance_residual': 1.072682524402846e-16, 'max_temperature_boundary_flux': 7604.823302755268, 'max_moisture_boundary_flux': 9.968547783800643e-05, 'xlsx_rows': 3066, 'xlsx_columns': 23, 'csv_rows': 44287, 'paper_rows': 12, 'paper_columns': 5, 'fixed_blank_count': 23157, 'csv_record_counts': {'sample_fixed': 41208, 'sample_surface': 3065, 'drying_end_fixed': 13, 'drying_end_surface': 1}}
诊断日志: /root/2026CUMCM_reaudit_task4/solution/task4/answer/task4_diagnostics.json, /root/2026CUMCM_reaudit_task4/solution/task4/answer/task4_diagnostics.csv
Picard/守恒: max/mean=5/4.419995, max线性残差=5.395e-16, max水分守恒残差=1.073e-16, max能量守恒残差=6.189e-07
烘干结束时间=51.087434895833 h
总耗时: 198.68s
