问题二求解开始: t_end=10800s, dt=1s, dr=1.25e-05m
  已完成 1.0/10800.0 s
  已完成 1080.0/10800.0 s
  已完成 2160.0/10800.0 s
  已完成 3240.0/10800.0 s
  已完成 4320.0/10800.0 s
  已完成 5400.0/10800.0 s
  已完成 6480.0/10800.0 s
  已完成 7560.0/10800.0 s
  已完成 8640.0/10800.0 s
  已完成 9720.0/10800.0 s
  已完成 10800.0/10800.0 s
基本数值检查: {'time_end_s': 10800.0, 'temperature_min_C': 27.9999999999978, 'temperature_max_C': 49.96641284636698, 'moisture_min_kgkg': 1.0081230669338352, 'moisture_max_kgkg': 2.5500000000000473, 'max_picard_iterations': 4, 'mean_picard_iterations': 3.7396296296296296, 'max_linear_residual': 4.514567109677757e-16, 'center_surface_temperature_gap_C': 0.11691725009708875, 'center_surface_moisture_gap_kgkg': 0.7580540403004215, 'center_inner_face_radius_m': 0.0, 'center_inner_boundary_coefficient': 0.0, 'center_flux_zero_discretisation': True, 'minimum_heat_boundary_driver_C': -0.07962693675374055, 'heat_inward_fraction': 0.9906481481481482, 'maximum_moisture_boundary_driver_kgkg': -0.9583530669338353, 'moisture_outward_fraction': 1.0}
已生成: /root/2026CUMCM_reaudit_task12_sync/solution/task2/answer/result2.xlsx
已生成: /root/2026CUMCM_reaudit_task12_sync/solution/task2/answer/task2_all_results.csv
已生成: /root/2026CUMCM_reaudit_task12_sync/solution/task2/answer/table3_temperature.csv
已生成: /root/2026CUMCM_reaudit_task12_sync/solution/task2/answer/table4_moisture.csv
诊断日志: /root/2026CUMCM_reaudit_task12_sync/solution/task2/answer/task2_diagnostics.json, /root/2026CUMCM_reaudit_task12_sync/solution/task2/answer/task2_diagnostics.csv
Picard: max=4 mean=3.740; 守恒最大相对残差: 水分=2.142e-11, 能量=1.214e-06
  已完成 0.5/10800.0 s
  已完成 1080.0/10800.0 s
  已完成 2160.0/10800.0 s
  已完成 3240.0/10800.0 s
  已完成 4320.0/10800.0 s
  已完成 5400.0/10800.0 s
  已完成 6480.0/10800.0 s
  已完成 7560.0/10800.0 s
  已完成 8640.0/10800.0 s
  已完成 9720.0/10800.0 s
  已完成 10800.0/10800.0 s
时间步敏感性（基准 dt=1 s，对比 dt=0.5 s，dr=0.00125 cm，表3/表4点）: max|dT|=4.534422e-07 °C at (t,r)=(9000.0, 2.0); max|dC|=9.319883e-09 kg/kg at (t,r)=(1800.0, 2.0)
  已完成 1.0/10800.0 s
  已完成 1080.0/10800.0 s
  已完成 2160.0/10800.0 s
  已完成 3240.0/10800.0 s
  已完成 4320.0/10800.0 s
  已完成 5400.0/10800.0 s
  已完成 6480.0/10800.0 s
  已完成 7560.0/10800.0 s
  已完成 8640.0/10800.0 s
  已完成 9720.0/10800.0 s
  已完成 10800.0/10800.0 s
  已完成 1.0/10800.0 s
  已完成 1080.0/10800.0 s
  已完成 2160.0/10800.0 s
  已完成 3240.0/10800.0 s
  已完成 4320.0/10800.0 s
  已完成 5400.0/10800.0 s
  已完成 6480.0/10800.0 s
  已完成 7560.0/10800.0 s
  已完成 8640.0/10800.0 s
  已完成 9720.0/10800.0 s
  已完成 10800.0/10800.0 s
空间网格敏感性（N=400→800→1600，dt=1 s，表3/表4点）: N400-N800: max|dT|=2.060663e-06 °C, max|dC|=1.868048e-06 kg/kg; N800-N1600: max|dT|=5.145808e-07 °C, max|dC|=4.670196e-07 kg/kg
表3 温度 / °C（行依次为 0.5--3.0 h，列为 0--2 cm）
时间/h,0.0 cm,0.5 cm,1.0 cm,1.5 cm,2.0 cm
0.5,32.1892,32.3821,32.9659,33.9608,35.4130
1.0,40.3816,40.5536,41.0605,41.8782,42.9976
1.5,45.8468,45.9348,46.1930,46.6051,47.1401
2.0,48.4502,48.4881,48.5984,48.7736,49.0033
2.5,49.4670,49.4792,49.5137,49.5653,49.6609
3.0,49.8495,49.8553,49.8746,49.9101,49.9664
表4 水分浓度 / kg/kg（行依次为 0.5--3.0 h，列为 0--2 cm）
时间/h,0.0 cm,0.5 cm,1.0 cm,1.5 cm,2.0 cm
0.5,2.5499,2.5489,2.5256,2.3257,1.6486
1.0,2.5257,2.4948,2.3578,2.0230,1.4711
1.5,2.3861,2.3256,2.1344,1.8020,1.3476
2.0,2.1709,2.1084,1.9236,1.6259,1.2311
2.5,1.9566,1.9006,1.7360,1.4720,1.1166
3.0,1.7662,1.7165,1.5702,1.3333,1.0081
总耗时: 63.14 s
